B README.md                      |  8 ++++-
      *********                                                                 
C fpp                            |  6 ++--
                                                                                
D src/__tests__/__init__.py      |  0
      _________________________                                                 
E src/__tests__/cursesForTest.py | 45 ++++++++++++++++++++++++++++
      ______________________________                                            
G |===>src/__tests__/initTest.py      | 28 ++++++++++++++++++
      ||||||||||||||||||||||||||||||                                            
H src/__tests__/screenForTest.py | 67 ++++++++++++++++++++++++++++++++++++++
      ______________________________                                            
I src/charCodeMapping.py         | 20 +++++++++++++
      ______________________                                                    
J |===>src/choose.py                  | 15 ++++++++--
      ||||||||||||||||||                                                        
K src/colorPrinter.py            | 21 ++++++++-----
      ___________________                                                       
L src/cursesAPI.py               | 40 +++++++++++++++++++++++++
      ________________                                                          
M src/format.py                  |  4 +--
      _____________                                                             
N src/processInput.py            |  7 +++++
      ___________________                                                       
O src/screenControl.py           | 28 +++++++-----------
      ____________________                                                      
P src/screenFlags.py             | 34 +++++++++++++++++++++
      __________________                                                        
Q 14 files changed, 290 insertions(+), 33 deletions(-)
                                                                                
R
                                                                                
S
                                                                                
T
                                                                                
U
                                                                                
V
                                                                                
W
                                                                                
X
                                                                                
Y
                                                                                
Z
                                                                                
1
                                                                                
2
                                                                                
3
                                                                                
4
                                                                                
5___________________________________________________________________________
                                                                                
[f|A] selection, [down|j|up|k|space|b] navigation, [enter] open, [x] quick 
                                                                                