  fix3
  |===>gh-pages
* master
  testAllInput
  trunk























________________________________________________________________________________
[f|A] selection, [down|j|up|k|space|b] navigation, [x] quick select mode, [c] co