=== dummy14.txt
 .  dummy15.txt
 .  dummy16.txt
 .  dummy17.txt
/-\ dummy18.txt
|-| dummy19.txt
|-| dummy20.txt
|-| dummy21.txt
|-| dummy22.txt
|-| dummy23.txt
|-| dummy24.txt
|-| dummy25.txt
\-/ dummy26.txt
 .  dummy27.txt
 .  dummy28.txt
 .  dummy29.txt
 .  dummy30.txt
 .  dummy31.txt
 .  dummy32.txt
 .  dummy33.txt
 .  dummy34.txt
 .  dummy35.txt
 .  dummy36.txt
 .  dummy37.txt
 .  dummy38.txt
 .  dummy39.txt
 .  
 .  
 .  ___________________________________________________________________________
=== [f|A] selection, [down|j|up|k|space|b] navigation, [enter] open, [x] quick 