.txt
____
e.py
GGGG

    

    

    

    

    

    

    

    

    

    

    

    

    

    

    

    
____
    
[f|A
    