./hadoop-mapreduce-project/h|...|leNamereallylongfileName.txt
_____________________________________________________________
|===>./hadoop-mapreduce-proj|...|nt/some/deeper/dir/source.py
GGGGGGGGGGGGGGGGGGGGGGGGGGGGGGGGGGGGGGGGGGGGGGGGGGGGGGGGGGGGG

                                                             

                                                             

                                                             

                                                             

                                                             

                                                             

                                                             

                                                             

                                                             

                                                             

                                                             

                                                             

                                                             

                                                             

                                                             

                                                             
_____________________________________________________________
                                                             
[f|A] selection, [down|j|up|k|space|b] navigation, [enter] op
                                                             