-rw-r--r--@  1 pcottle  THEFACEBOOK\Domain Users    401 Jun  4  2015 |===>lon|...|ding.txt
-rw-r--r--@  1 pcottle  THEFACEBOOK\Domain Users    401 Jun  4  2015 foo.txt




































_______________________________________________________________________________________________
[f|A] selection, [down|j|up|k|space|b] navigation, [enter] open, [x] quick select mode, [c] com