=== dummy97.txt
     ___________                                                                
 .  dummy98.txt
     ___________                                                                
 .  dummy99.txt
     ___________                                                                
 .  dummy100.txt
     ************                                                               
 .  
                                                                                
 .  
                                                                                
 .  
                                                                                
/-\ 
                                                                                
\-/ ___________________________________________________________________________
                                                                                
=== [f|A] selection, [down|j|up|k|space|b] navigation, [enter] open, [x] quick 
                                                                                