







==========================================================
Paths you have selected:
==========================================================
/foo/bar/README.md
/foo/bar/fpp
==========================================================
Type a command below! Paths will be appended or replace $F
Enter a blank line to go back to the selection process
==========================================================
..........................................................










________________________________________________________________________________
command examples: | git add | git checkout HEAD~1 -- | mv $F ../here/ |