 README.md                      |  8 ++++-
 *********                                                                      
 fpp                            |  6 ++--
                                                                                
 src/__tests__/__init__.py      |  0
 _________________________                                                      
 src/__tests__/cursesForTest.py | 45 ++++++++++++++++++++++++++++
 ______________________________                                                 
 src/__tests__/initTest.py      | 28 ++++++++++++++++++
 _________________________                                                      
 src/__tests__/screenForTest.py | 67 ++++++++++++++++++++++++++++++++++++++++++
 ______________________________                                                 
 src/charCodeMapping.py         | 20 +++++++++++++
 ______________________                                                         
 src/choose.py                  | 15 ++++++++--
 _____________                                                                  
 src/colorPrinter.py            | 21 ++++++++-----
 ___________________                                                            
 src/cursesAPI.py               | 40 +++++++++++++++++++++++++
 ________________                                                               
 src/format.py                  |  4 +--
 _____________                                                                  
 src/processInput.py            |  7 +++++
 ___________________                                                            
 src/screenControl.py           | 28 +++++++-----------
 ____________________                                                           
 src/screenFlags.py             | 34 +++++++++++++++++++++
 __________________                                                             
 14 files changed, 290 insertions(+), 33 deletions(-)
                                                                                

                                                                                

                                                                                

                                                                                

                                                                                

                                                                                

                                                                                

                                                                                

                                                                                

                                                                                

                                                                                

                                                                                

                                                                                

                                                                                
________________________________________________________________________________
                                                                                
[f|A] selection, [down|j|up|k|space|b] navigation, [enter] open, [x] quick selec
                                                                                