src/charCodeMapping.py         | 20 +++++++++++++|
BBBBBBBBBBBBBBBBBBBBBB                                                                                                                                                                                   
src/choose.py                  | 15 ++++++++--|    * [f] toggle the selection of a file
_____________                                                                                                                                                                                            
src/colorPrinter.py            | 21 ++++++++-----|    * [F] toggle and move downward by 1
___________________                                                                                                                                                                                      
src/cursesAPI.py               | 40 +++++++++++++++++++++++++|    * [A] toggle selection of all (unique) files
________________                                                                                                                                                                                         
src/format.py                  |  4 +--|    * [down arrow|j] move downward by 1
_____________                                                                                                                                                                                            
src/processInput.py            |  7 +++++|    * [up arrow|k] move upward by 1
___________________                                                                                                                                                                                      
/foo/bar/src/charCodeMapping.py         | 20 +++++++++++++|    * [<space>] page down
                                                                                                                                                                                                         
/foo/bar/src/choose.py                  | 15 ++++++++--|    * [b] page up
                                                                                                                                                                                                         
/foo/bar/src/colorPrinter.py            | 21 ++++++++-----|    * [x] quick select mode
                                                                                                                                                                                                         
/foo/bar/src/cursesAPI.py               | 40 +++++++++++++++++++++++++|    * [d] describe file
                                                                                                                                                                                                         
/foo/bar/src/format.py                  |  4 +--|
                                                                                                                                                                                                         
/foo/bar/src/processInput.py            |  7 +++++|
                                                                                                                                                                                                         
/foo/bar/src/screenControl.py           | 28 +++++++-----------|Once you have your files selected, you can
                                                                                                                                                                                                         
/foo/bar/src/screenFlags.py             | 34 +++++++++++++++++++++|either open them in your favorite
                                                                                                                                                                                                         
14 files changed, 290 insertions(+), 33 deletions(-)|text editor or execute commands with
                                                                                                                                                                                                         
|them via command mode:
                                                                                                                                                                                                         
|
                                                                                                                                                                                                         
|    * [<Enter>] open all selected files
                                                                                                                                                                                                         
|        (or file under cursor if none selected)
                                                                                                                                                                                                         
|        in $EDITOR
                                                                                                                                                                                                         
|    * [c] enter command mode
                                                                                                                                                                                                         
|
                                                                                                                                                                                                         
|Description for /Users/ryan/VirtualEnvs/pathpick
                                                                                                                                                                                                         
|
                                                                                                                                                                                                         
|    * last modified: 07/17/2016 13:30:56
                                                                                                                                                                                                         
|    * owned by user: ryan, 501
                                                                                                                                                                                                         
|    * owned by group: staff, 20
                                                                                                                                                                                                         
|    * size: 640B
                                                                                                                                                                                                         
|    * length: 18 lines
                                                                                                                                                                                                         
|
                                                                                                                                                                                                         
|
                                                                                                                                                                                                         
|
                                                                                                                                                                                                         
|
                                                                                                                                                                                                         
|
                                                                                                                                                                                                         
|
                                                                                                                                                                                                         
|
                                                                                                                                                                                                         
|
                                                                                                                                                                                                         
|
                                                                                                                                                                                                         
|
                                                                                                                                                                                                         
|
                                                                                                                                                                                                         